// Jest Snapshot v1, https://goo.gl/fbAQLP

exports[`Test presence of navigation header renders the navigation correctly 1`] = `
<nav
  className="header"
>
  <div>
    <h1
      className="header-title"
    >
      Math Magicians
    </h1>
  </div>
  <ul
    className="navigation"
  >
    <li
      className="navLink"
    >
      <a
        aria-current="page"
        className="link active"
        data-testid={1}
        href="/"
        onClick={[Function]}
      >
        Home
      </a>
    </li>
    <li
      className="navLink"
    >
      <a
        className="link"
        data-testid={2}
        href="/calculator"
        onClick={[Function]}
      >
        Calculator
      </a>
    </li>
    <li
      className="navLink"
    >
      <a
        className="link"
        data-testid={3}
        href="/quotes"
        onClick={[Function]}
      >
        Quotes
      </a>
    </li>
  </ul>
</nav>
`;
